// Jest Snapshot v1, https://goo.gl/fbAQLP

exports[`ImageGalleryItem renders correctly and matches snapshot 1`] = `
<div
  aria-label="Image 1 of 1: image1.png (PNG). Press Enter or Space to open in image viewer."
  class="image-gallery__item"
  role="listitem"
  tabindex="0"
>
  <div
    data-testid="singleImageView"
  >
    image1.png
  </div>
</div>
`;
