// Jest Snapshot v1, https://goo.gl/fbAQLP

exports[`components/admin_console/workspace-optimization/cta_buttons should match snapshot 1`] = `
<div
  className="ctaButtons"
>
  <button
    className="actionButton annnouncementBar__purchaseNow btn btn-primary btn-sm"
    onClick={[Function]}
  >
    Action Text
  </button>
  <button
    className="learnMoreButton btn btn-tertiary btn-sm"
    onClick={[Function]}
  >
    Learn More
  </button>
</div>
`;
